<T>
  <k>
    .
  </k>
  <names>
    0 |-> *empty*
    1 |-> A
    2 |-> A.a
  </names>
  <universes>
    0 |-> 0
    1 |-> 1
  </universes>
  <expressions>
    1 |-> 1
    2 |-> #0
    3 |-> λ (A.a : #0) → #0
    4 |-> λ {A : 1} → λ (A.a : #0) → #0
  </expressions>
  <def-types>
    .Map
  </def-types>
  <def-values>
    .Map
  </def-values>
  <exit-code>
    0
  </exit-code>
</T>
