<T>
  <k>
    .
  </k>
  <names>
    0 |-> *empty*
    1 |-> foo
    2 |-> foo bla
    3 |-> foo bla 1
    4 |-> foo bla 1 boo
  </names>
  <universes>
    0 |-> 0
  </universes>
  <expressions>
    .Map
  </expressions>
  <exit-code>
    0
  </exit-code>
</T>
