<T>
  <k>
    .
  </k>
  <names>
    0 |-> *empty*
    1 |-> l1
    2 |-> l2
  </names>
  <universes>
    0 |-> 0
    1 |-> 1
    2 |-> 2
    3 |-> Named ( l1 )
    4 |-> Named ( l2 )
    5 |-> Max ( 2 , Named ( l1 ) )
    6 |-> IMax ( Max ( 2 , Named ( l1 ) ) , Named ( l2 ) )
  </universes>
  <expressions>
    .Map
  </expressions>
  <def-types>
    .Map
  </def-types>
  <def-values>
    .Map
  </def-values>
  <exit-code>
    0
  </exit-code>
</T>
